=== INSTALL ===
Scope: all 9 workspace projects
Already up to date
Done in 510ms using pnpm v11.9.0
=== SCHEMA ===
(node:14867) Warning: SECURITY WARNING: The SSL modes 'prefer', 'require', and 'verify-ca' are treated as aliases for 'verify-full'.
In the next major version (pg-connection-string v3.0.0 and pg v9.0.0), these modes will adopt standard libpq semantics, which have weaker security guarantees.

To prepare for this change:
- If you want the current behavior, explicitly use 'sslmode=verify-full'
- If you want libpq compatibility now, use 'uselibpqcompat=true&sslmode=require'

See https://www.postgresql.org/docs/current/libpq-ssl.html for libpq SSL mode definitions.
(Use `node --trace-warnings ...` to show where the warning was created)
Schema applied.
=== BUILD ===

  artifacts/api-server/dist/index.mjs                                 10.7mb ⚠️
  artifacts/api-server/dist/scripts/runGtfsImport.mjs                  6.7mb ⚠️
  artifacts/api-server/dist/scripts/enrichBusPaths.mjs                 1.1mb ⚠️
  ...acts/api-server/dist/scripts/generateOfflineRoadCandidates.mjs  849.5kb
  artifacts/api-server/dist/scripts/upgradeMediumWithOsmNames.mjs    841.6kb
  artifacts/api-server/dist/scripts/importStops.mjs                  819.3kb
  artifacts/api-server/dist/scripts/importOfflineRoadCandidates.mjs  816.8kb
  artifacts/api-server/dist/pino-worker.mjs                          153.0kb
  artifacts/api-server/dist/pino-file.mjs                            141.7kb
  artifacts/api-server/dist/pino-pretty.mjs                          114.1kb
  artifacts/api-server/dist/scripts/auditOfflineRoadCandidates.mjs    10.1kb
  artifacts/api-server/dist/thread-stream-worker.mjs                   7.3kb
  artifacts/api-server/dist/index.mjs.map                             19.9mb
  artifacts/api-server/dist/scripts/runGtfsImport.mjs.map             11.6mb
  artifacts/api-server/dist/scripts/enrichBusPaths.mjs.map             3.7mb
  .../api-server/dist/scripts/generateOfflineRoadCandidates.mjs.map    1.7mb
  ...acts/api-server/dist/scripts/upgradeMediumWithOsmNames.mjs.map    1.7mb
  ...ts/api-server/dist/scripts/importOfflineRoadCandidates.mjs.map    1.6mb
  artifacts/api-server/dist/scripts/importStops.mjs.map                1.6mb
  artifacts/api-server/dist/pino-worker.mjs.map                      256.9kb
  ...and 4 more output files...

⚡ Done in 3449ms
=== VALIDATE ===
Validated 596 routes: 437 independently high, 159 medium review candidates.
=== IMPORT ===
Validated 596 routes: 437 independently high, 159 medium review candidates.
(node:15118) Warning: SECURITY WARNING: The SSL modes 'prefer', 'require', and 'verify-ca' are treated as aliases for 'verify-full'.
In the next major version (pg-connection-string v3.0.0 and pg v9.0.0), these modes will adopt standard libpq semantics, which have weaker security guarantees.

To prepare for this change:
- If you want the current behavior, explicitly use 'sslmode=verify-full'
- If you want libpq compatibility now, use 'uselibpqcompat=true&sslmode=require'

See https://www.postgresql.org/docs/current/libpq-ssl.html for libpq SSL mode definitions.
(Use `node --trace-warnings ...` to show where the warning was created)
Processed 25/596; saved=25, accepted=6, skipped=0
Processed 50/596; saved=50, accepted=27, skipped=0
Processed 75/596; saved=75, accepted=43, skipped=0
Processed 100/596; saved=100, accepted=60, skipped=0
Processed 125/596; saved=125, accepted=80, skipped=0
Processed 150/596; saved=150, accepted=101, skipped=0
Processed 175/596; saved=175, accepted=119, skipped=0
Processed 200/596; saved=200, accepted=138, skipped=0
Processed 225/596; saved=225, accepted=158, skipped=0
Processed 250/596; saved=250, accepted=177, skipped=0
Processed 275/596; saved=275, accepted=193, skipped=0
Processed 300/596; saved=300, accepted=210, skipped=0
Processed 325/596; saved=325, accepted=227, skipped=0
Processed 350/596; saved=350, accepted=247, skipped=0
Processed 375/596; saved=375, accepted=263, skipped=0
Processed 400/596; saved=400, accepted=285, skipped=0
Processed 425/596; saved=425, accepted=307, skipped=0
Processed 450/596; saved=450, accepted=325, skipped=0
Processed 475/596; saved=475, accepted=344, skipped=0
Processed 500/596; saved=500, accepted=361, skipped=0
Processed 525/596; saved=525, accepted=381, skipped=0
Processed 550/596; saved=550, accepted=402, skipped=0
Processed 575/596; saved=575, accepted=420, skipped=0
{
  "total": 596,
  "saved": 596,
  "accepted": 437,
  "skipped": 0,
  "reviewCandidates": 159
}
=== SUCCESS ===
